constant style:
   <svg style="border: 1px solid black;"/>

function style:
   0
   1
   2
   3
   4
   5
   6
   7
   8
   9
   10

map style:
   <svg style="left: 10px; top: 20px; "/>

map function style:
   <svg style="foo: foo; bar: 42; "/>

