constant attr:
   <svg width="960" height="500"/>

function attr:
   a 0
   b 1
   c 2
   d 3
   e 4
   f 5
   g 6
   h 7
   i 8
   j 9
   k 10

map attr:
   <svg left="10" top="20"/>

map function attr:
   <svg foo="foo" bar="42"/>

